I'm sorry, but errors were detected in your script. Please correct the
errors listed below, and try again.


File "game/script.rpy", line 77: expected a keyword argument, colon, or end of line.
    text "$[inventory.money]" color "#FFFFFF" 4
                                              ^

Ren'Py Version: Ren'Py 8.2.0.24012702
Tue May  7 00:02:30 2024
